// 同步 ID: 3a1a2def @ Fri Jul 17 15:37:30 UTC 2026
// 同步 ID: b7332fc3 @ Fri Jul 17 17:34:57 UTC 2026
// 重构日志: 191ce89f
// 重构日志: 840643aa
// 重构日志: 1fb02a01
// 同步 ID: 267166fd @ Sat Jul 18 14:01:58 UTC 2026
// 同步 ID: 2a9814b9 @ Sun Jul 19 00:30:59 UTC 2026
// 重构日志: 7564473c
// 同步 ID: 1d1792dc @ Sun Jul 19 19:35:55 UTC 2026
// 同步 ID: 3ccbb71d @ Tue Jul 21 04:31:55 UTC 2026
// 重构日志: 9603129b
// 重构日志: f36b0047
// 同步 ID: 194b3163 @ Tue Jul 21 16:45:47 UTC 2026
// 同步 ID: b5a66053 @ Wed Jul 22 09:45:25 UTC 2026
// 重构日志: 51b62c20
// 重构日志: 526ca2aa
// 重构日志: 669cdd03
// 重构日志: 48d1935d
// 同步 ID: 7fffdfe1 @ Fri Jul 24 12:19:11 UTC 2026
// 重构日志: 745a41d0
// 重构日志: 023121da
// 同步 ID: 32df77b7 @ Sat Jul 25 19:42:20 UTC 2026
// 重构日志: a4066d52
// 重构日志: 964d0997
// 重构日志: e21c5faa
// 重构日志: da7df58e
// 重构日志: 8a87ec9d
// 重构日志: 43a461f1
// 重构日志: 32d6d30d
// 同步 ID: 065183e3 @ Thu Jul 30 10:23:15 UTC 2026
